open 1
open 1
open 1
open 1
open 1
open 1
open 1
open 1
open 1
open 1
open 1
open 1
open 1
open 1
open 1
open 1
open 1
open 1
open 1
open 1
open 1
open 1
open 1
open 1
open 1
open 1
open 1
open 1
open 1
open 1
open 1
open 1
open 1
open 1
open 1
open 1
open 1
open 1
open 1
open 1
open 1
open 1
open 1
open 1
open 1
open 1
open 1
open 1
open 1
open 1
open 1
open 1
open 1
open 1
open 1
open 1
open 1
open 1
open 1
open 1
open 1
open 1
open 1
open 1
open 1
open 1
open 1
open 1
open 1
open 1
open 1
open 1
open 1
open 1
open 1
open 1
open 1
open 1
open 1
open 1
open 1
open 1
open 1
open 1
open 1
open 1
open 1
open 1
open 1
open 1
open 1
open 1
open 1
open 1
open 1
open 1
open 1
open 1
open 1
open 1
open 1
open 1
open 1
open 1
open 1
open 1
open 1
open 1
open 1
open 1
open 1
open 1
open 1
open 1
open 1
open 1
open 1
open 1
open 1
open 1
open 1
open 1
open 1
open 1
open 1
open 1
open 1
open 1
open 1
open 1
open 1
open 1
open 1
open 1
open 1
open 1
open 1
open 1
open 1
open 1
open 1
open 1
open 1
open 1
open 1
open 1
open 1
open 1
open 1
open 1
open 1
open 1
open 1
open 1
open 1
open 1
open 1
open 1
open 1
open 1
open 1
open 1
open 1
open 1
open 1
open 1
open 1
open 1
open 1
open 1
open 1
open 1
open 1
open 1
open 1
open 1
open 1
open 1
open 1
open 1
open 1
open 1
open 1
open 1
open 1
open 1
open 1
open 1
open 1
open 1
open 1
open 1
open 1
open 1
open 1
open 1
open 1
open 1
open 1
open 1
open 1
open 1
open 1
open 1
open 1
open 1
open 1
open 1
open 1
open 1
open 1
open 1
open 1
open 1
open 1
open 1
open 1
open 1
open 1
open 1
open 1
open 1
open 1
open 1
open 1
open 1
open 1
open 1
open 1
open 1
open 1
open 1
open 1
open 1
open 1
open 1
open 1
open 1
open 1
open 1
open 1
open 1
open 1
open 1
open 1
open 1
open 1
open 1
open 1
open 1
open 1
open 1
open 1
open 1
open 1
open 1
open 1
open 1
open 1
open 1
open 1
open 1
open 1
open 1
open 1
open 1
open 1
open 1
open 1
open 1
open 1
open 1
open 1
open 1
open 1
open 1
open 1
open 1
open 1
open 1
open 1
open 1
open 1
open 1
open 1
open 1
open 1
open 1
open 1
open 1
open 1
open 1
open 1
open 1
open 1
open 1
open 1
open 1
open 1
open 1
open 1
open 1
open 1
open 1
open 1
open 1
open 1
open 1
open 1
open 1
open 1
open 1
open 1
open 1
open 1
open 1
open 1
open 1
open 1
close 0
close 0
close 0
close 0
close 0
close 0
close 0
close 0
close 0
close 0
close 0
close 0
close 0
close 0
close 0
close 0
close 0
close 0
close 0
close 0
close 0
close 0
close 0
close 0
close 0
close 0
close 0
close 0
close 0
close 0
close 0
close 0
close 0
close 0
close 0
close 0
close 0
close 0
close 0
close 0
close 0
close 0
close 0
close 0
close 0
close 0
close 0
close 0
close 0
close 0
close 0
close 0
close 0
close 0
close 0
close 0
close 0
close 0
close 0
close 0
close 0
close 0
close 0
close 0
close 0
close 0
close 0
close 0
close 0
close 0
close 0
close 0
close 0
close 0
close 0
close 0
close 0
close 0
close 0
close 0
close 0
close 0
close 0
close 0
close 0
close 0
close 0
close 0
close 0
close 0
close 0
close 0
close 0
close 0
close 0
close 0
close 0
close 0
close 0
close 0
close 0
close 0
close 0
close 0
close 0
close 0
close 0
close 0
close 0
close 0
close 0
close 0
close 0
close 0
close 0
close 0
close 0
close 0
close 0
close 0
close 0
close 0
close 0
close 0
close 0
close 0
close 0
close 0
close 0
close 0
close 0
close 0
close 0
close 0
close 0
close 0
close 0
close 0
close 0
close 0
close 0
close 0
close 0
close 0
close 0
close 0
close 0
close 0
close 0
close 0
close 0
close 0
close 0
close 0
close 0
close 0
close 0
close 0
close 0
close 0
close 0
close 0
close 0
close 0
close 0
close 0
close 0
close 0
close 0
close 0
close 0
close 0
close 0
close 0
close 0
close 0
close 0
close 0
close 0
close 0
close 0
close 0
close 0
close 0
close 0
close 0
close 0
close 0
close 0
close 0
close 0
close 0
close 0
close 0
close 0
close 0
close 0
close 0
close 0
close 0
close 0
close 0
close 0
close 0
close 0
close 0
close 0
close 0
close 0
close 0
close 0
close 0
close 0
close 0
close 0
close 0
close 0
close 0
close 0
close 0
close 0
close 0
close 0
close 0
close 0
close 0
close 0
close 0
close 0
close 0
close 0
close 0
close 0
close 0
close 0
close 0
close 0
close 0
close 0
close 0
close 0
close 0
close 0
close 0
close 0
close 0
close 0
close 0
close 0
close 0
close 0
close 0
close 0
close 0
close 0
close 0
close 0
close 0
close 0
close 0
close 0
close 0
close 0
close 0
close 0
close 0
close 0
close 0
close 0
close 0
close 0
close 0
close 0
close 0
close 0
close 0
close 0
close 0
close 0
close 0
close 0
close 0
close 0
close 0
close 0
close 0
close 0
close 0
close 0
close 0
close 0
close 0
close 0
close 0
close 0
close 0
close 0
close 0
close 0
close 0
close 0
close 0
close 0
close 0
close 0
close 0
close 0
close 0
close 0
close 0
close 0
close 0
close 0
close 0
close 0
close 0
close 0
close 0
close 0
close 0
close 0
close 0
close 0
close 0
close 0
close 0
close 0
close 0
close 0
close 0
close 0
close 0
close 0
close 0
close 0
close 0
close 0
close 0
close 0
close 0
close 0
close 0
close 0
close 0
close 0
close 0
close 0
close 0
close 0
close 0
close 0
close 0
close 0
close 0
close 0
close 0
close 0
close 0
close 0
close 0
close 0
close 0
close 0
close 0
close 0
close 0
close 0
close 0
close 0
close 0
close 0
close 0
close 0
close 0
close 0
close 0
close 0
close 0
close 0
close 0
close 0
close 0
close 0
close 0
close 0
close 0
close 0
close 0
close 0
close 0
close 0
close 0
close 0
close 0
close 0
close 0
close 0
close 0
close 0
close 0
close 0
close 0
close 0
close 0
close 0
close 0
close 0
close 0
close 0
close 0
close 0
close 0
close 0
close 0
close 0
close 0
close 0
close 0
close 0
close 0
close 0
close 0
close 0
close 0
close 0
close 0
close 0
close 0
close 0
close 0
close 0
close 0
close 0
close 0
close 0
close 0
close 0
close 0
close 0
close 0
close 0
close 0
close 0
close 0
close 0
close 0
close 0
close 0
close 0
close 0
close 0
close 0
close 0
close 0
close 0
close 0
close 0
close 0
close 0
close 0
close 0
close 0
close 0
close 0
close 0
close 0
close 0
close 0
close 0
close 0
close 0
close 0
close 0
close 0
close 0
close 0
close 0
close 0
close 0
close 0
close 0
close 0
close 0
close 0
close 0
close 0
close 0
close 0
close 0
close 0
close 0
close 0
close 0
close 0
close 0
close 0
close 0
close 0
close 0
close 0
close 0
close 0
close 0
close 0
close 0
close 0
close 0
close 0
close 0
close 0
close 0
close 0
close 0
close 0
close 0
close 0
close 0
close 0
close 0
close 0
close 0
close 0
close 0
close 0
close 0
close 0
close 0
close 0
close 0
close 0
close 0
close 0
close 0
close 0
close 0
close 0
close 0
close 0
close 0
close 0
close 0
close 0
close 0
close 0
close 0
close 0
close 0
close 0
close 0
close 0
close 0
close 0
close 0
close 0
close 0
close 0
close 0
close 0
close 0
close 0
close 0
close 0
close 0
close 0
close 0
close 0
close 0
close 0
close 0
close 0
close 0
close 0
close 0
close 0
close 0
close 0
close 0
close 0
close 0
close 0
close 0
close 0
close 0
close 0
close 0
close 0
close 0
close 0
close 0
close 0
close 0
close 0
close 0
close 0
close 0
close 0
close 0
close 0
close 0
close 0
close 0
close 0
close 0
close 0
close 0
close 0
close 0
close 0
close 0
close 0
close 0
close 0
close 0
close 0
close 0
close 0
close 0
close 0
close 0
close 0
close 0
close 0
close 0
close 0
close 0
close 0
close 0
close 0
close 0
close 0
close 0
close 0
close 0
close 0
close 0
close 0
close 0
close 0
close 0
close 0
close 0
close 0
close 0
close 0
close 0
close 0
close 0
close 0
close 0
close 0
close 0
close 0
close 0
close 0
close 0
close 0
close 0
close 0
close 0
close 0
close 0
close 0
close 0
close 0
close 0
close 0
close 0
close 0
close 0
close 0
close 0
close 0
close 0
close 0
close 0
close 0
close 0
close 0
close 0
close 0
close 0
close 0
close 0
close 0
close 0
close 0
close 0
close 0
close 0
close 0
close 0
close 0
close 0
close 0
close 0
close 0
close 0
close 0
close 0
close 0
close 0
close 0
close 0
close 0
close 0
close 0
close 0
close 0
close 0
close 0
close 0
close 0
close 0
close 0
close 0
close 0
close 0
close 0
close 0
close 0
close 0
close 0
close 0
close 0
close 0
close 0
close 0
close 0
close 0
close 0
close 0
close 0
close 0
close 0
close 0
close 0
close 0
close 0
close 0
close 0
close 0
close 0
close 0
close 0
close 0
close 0
close 0
close 0
close 0
close 0
close 0
close 0
close 0
close 0
close 0
close 0
close 0
close 0
