./data/open/237.png 1
./data/open/119.png 1
./data/open/232.png 1
./data/open/84.png 1
./data/open/73.png 1
./data/open/108.png 1
./data/open/261.png 1
./data/open/102.png 1
./data/open/196.png 1
./data/open/174.png 1
./data/open/127.png 1
./data/open/241.png 1
./data/open/86.png 1
./data/open/167.png 1
./data/open/32.png 1
./data/open/168.png 1
./data/open/138.png 1
./data/open/119_9.png 1
./data/open/161.png 1
./data/open/33_4.png 1
./data/open/35.png 1
./data/open/130.png 1
./data/open/60.png 1
./data/open/82.png 1
./data/open/182.png 1
./data/open/222.png 1
./data/open/Snipaste_2020-12-16_08-24-55.png 1
./data/open/99.png 1
./data/open/Snipaste_2020-12-16_08-24-20.png 1
./data/open/135.png 1
./data/open/43.png 1
./data/open/140.png 1
./data/open/48.png 1
./data/open/224.png 1
./data/open/12.png 1
./data/open/53.png 1
./data/open/55.png 1
./data/open/115.png 1
./data/open/119_8.png 1
./data/open/41.png 1
./data/open/228.png 1
./data/open/252.png 1
./data/open/25.png 1
./data/open/250.png 1
./data/open/94.png 1
./data/open/201.png 1
./data/open/2.png 1
./data/open/113.png 1
./data/open/151_5.png 1
./data/open/205.png 1
./data/open/151_8.png 1
./data/open/19.png 1
./data/open/106.png 1
./data/open/Snipaste_2020-12-16_08-22-48.png 1
./data/open/33_5.png 1
./data/open/236.png 1
./data/open/124.png 1
./data/open/76.png 1
./data/open/Snipaste_2020-12-16_08-28-36.png 1
./data/open/20.png 1
./data/open/192.png 1
./data/open/122.png 1
./data/open/105.png 1
./data/open/158.png 1
./data/open/131.png 1
./data/open/166.png 1
./data/open/119_4.png 1
./data/open/133.png 1
./data/open/258.png 1
./data/open/247.png 1
./data/open/186.png 1
./data/open/189.png 1
./data/open/125.png 1
./data/open/183.png 1
./data/open/93.png 1
./data/open/177.png 1
./data/open/255.png 1
./data/open/188.png 1
./data/open/164.png 1
./data/open/41_8.png 1
./data/open/62.png 1
./data/open/203.png 1
./data/open/Snipaste_2020-12-16_08-34-01.png 1
./data/open/193.png 1
./data/open/185.png 1
./data/open/121.png 1
./data/open/17.png 1
./data/open/110.png 1
./data/open/Snipaste_2020-12-16_08-24-33.png 1
./data/open/197.png 1
./data/open/207.png 1
./data/open/29.png 1
./data/open/134.png 1
./data/open/147.png 1
./data/open/160.png 1
./data/open/50.png 1
./data/open/69.png 1
./data/open/47.png 1
./data/open/141.png 1
./data/open/206.png 1
./data/open/33_2.png 1
./data/open/162.png 1
./data/open/233.png 1
./data/open/4.png 1
./data/open/217.png 1
./data/open/70.png 1
./data/open/8.png 1
./data/open/49.png 1
./data/open/126.png 1
./data/open/40.png 1
./data/open/172.png 1
./data/open/95.png 1
./data/open/200.png 1
./data/open/71.png 1
./data/open/9.png 1
./data/open/Snipaste_2020-12-16_08-37-39.png 1
./data/open/23.png 1
./data/open/112.png 1
./data/open/136.png 1
./data/open/179.png 1
./data/open/159.png 1
./data/open/119_5.png 1
./data/open/119_2.png 1
./data/open/208.png 1
./data/open/79.png 1
./data/open/157.png 1
./data/open/151_6.png 1
./data/open/212.png 1
./data/open/36.png 1
./data/open/240.png 1
./data/open/1.png 1
./data/open/132.png 1
./data/open/41_5.png 1
./data/open/213.png 1
./data/open/68.png 1
./data/open/63.png 1
./data/open/107.png 1
./data/open/104.png 1
./data/open/231.png 1
./data/open/Snipaste_2020-12-16_08-27-09.png 1
./data/open/129.png 1
./data/open/239.png 1
./data/open/145.png 1
./data/open/210.png 1
./data/open/176.png 1
./data/open/Snipaste_2020-12-16_08-21-53.png 1
./data/open/Snipaste_2020-12-16_08-24-42.png 1
./data/open/173.png 1
./data/open/227.png 1
./data/open/42.png 1
./data/open/56.png 1
./data/open/175.png 1
./data/open/149.png 1
./data/open/230.png 1
./data/open/11.png 1
./data/open/Snipaste_2020-12-16_08-23-57.png 1
./data/open/114.png 1
./data/open/243.png 1
./data/open/214.png 1
./data/open/15.png 1
./data/open/264.png 1
./data/open/22.png 1
./data/open/74.png 1
./data/open/30.png 1
./data/open/59.png 1
./data/open/Snipaste_2020-12-16_08-25-50.png 1
./data/open/65.png 1
./data/open/Snipaste_2020-12-16_08-25-06.png 1
./data/open/143.png 1
./data/open/52.png 1
./data/open/98.png 1
./data/open/117.png 1
./data/open/31.png 1
./data/open/80.png 1
./data/open/262.png 1
./data/open/111.png 1
./data/open/Snipaste_2020-12-16_08-24-14.png 1
./data/open/Snipaste_2020-12-16_08-29-24.png 1
./data/open/78.png 1
./data/open/41_9.png 1
./data/open/209.png 1
./data/open/3.png 1
./data/open/41_3.png 1
./data/open/226.png 1
./data/open/151_7.png 1
./data/open/265.png 1
./data/open/163.png 1
./data/open/119_3.png 1
./data/open/204.png 1
./data/open/85.png 1
./data/open/195.png 1
./data/open/39.png 1
./data/open/Snipaste_2020-12-16_08-37-34.png 1
./data/open/198.png 1
./data/open/6.png 1
./data/open/28.png 1
./data/open/Snipaste_2020-12-16_08-25-01.png 1
./data/open/103.png 1
./data/open/223.png 1
./data/open/254.png 1
./data/open/33_6.png 1
./data/open/10.png 1
./data/open/171.png 1
./data/open/202.png 1
./data/open/14.png 1
./data/open/Snipaste_2020-12-16_08-24-05.png 1
./data/open/Snipaste_2020-12-16_08-19-58.png 1
./data/open/180.png 1
./data/open/5.png 1
./data/open/26.png 1
./data/open/Snipaste_2020-12-16_08-29-51.png 1
./data/open/75.png 1
./data/open/61.png 1
./data/open/91.png 1
./data/open/154.png 1
./data/open/194.png 1
./data/open/87.png 1
./data/open/41_6.png 1
./data/open/18.png 1
./data/open/33_3.png 1
./data/open/216.png 1
./data/open/220.png 1
./data/open/165.png 1
./data/open/146.png 1
./data/open/211.png 1
./data/open/144.png 1
./data/open/57.png 1
./data/open/34.png 1
./data/open/Snipaste_2020-12-16_08-20-49.png 1
./data/open/33.png 1
./data/open/66.png 1
./data/open/178.png 1
./data/open/137.png 1
./data/open/41_7.png 1
./data/open/151_9.png 1
./data/open/142.png 1
./data/open/116.png 1
./data/open/246.png 1
./data/open/27.png 1
./data/open/151_4.png 1
./data/open/16.png 1
./data/open/219.png 1
./data/open/96.png 1
./data/open/151_3.png 1
./data/open/249.png 1
./data/open/109.png 1
./data/open/123.png 1
./data/open/Snipaste_2020-12-16_08-23-46.png 1
./data/open/215.png 1
./data/open/153.png 1
./data/open/13.png 1
./data/open/221.png 1
./data/open/7.png 1
./data/open/251.png 1
./data/open/151_2.png 1
./data/open/235.png 1
./data/open/152.png 1
./data/open/37.png 1
./data/open/21.png 1
./data/open/97.png 1
./data/open/89.png 1
./data/open/139.png 1
./data/open/44.png 1
./data/open/90.png 1
./data/open/Snipaste_2020-12-16_08-25-26.png 1
./data/open/118.png 1
./data/open/257.png 1
./data/open/156.png 1
./data/open/263.png 1
./data/open/259.png 1
./data/open/225.png 1
./data/open/45.png 1
./data/open/67.png 1
./data/open/181.png 1
./data/open/41_4.png 1
./data/open/46.png 1
./data/open/190.png 1
./data/open/120.png 1
./data/open/260.png 1
./data/open/266.png 1
./data/open/244.png 1
./data/open/51.png 1
./data/open/191.png 1
./data/open/150.png 1
./data/open/148.png 1
./data/open/24.png 1
./data/open/100.png 1
./data/open/92.png 1
./data/open/101.png 1
./data/open/256.png 1
./data/open/187.png 1
./data/open/119_6.png 1
./data/open/81.png 1
./data/open/238.png 1
./data/open/199.png 1
./data/open/41_2.png 1
./data/open/169.png 1
./data/open/253.png 1
./data/open/83.png 1
./data/open/234.png 1
./data/open/170.png 1
./data/open/248.png 1
./data/open/229.png 1
./data/open/151.png 1
./data/open/119_7.png 1
./data/open/58.png 1
./data/open/38.png 1
./data/open/77.png 1
./data/open/54.png 1
./data/open/Snipaste_2020-12-16_08-37-25.png 1
./data/open/128.png 1
./data/open/245.png 1
./data/open/88.png 1
./data/open/155.png 1
./data/open/72.png 1
./data/open/242.png 1
./data/open/184.png 1
./data/open/64.png 1
./data/open/218.png 1
./data/close/237.png 0
./data/close/472.png 0
./data/close/119.png 0
./data/close/541.png 0
./data/close/314.png 0
./data/close/640.png 0
./data/close/232.png 0
./data/close/351.png 0
./data/close/506.png 0
./data/close/84.png 0
./data/close/296.png 0
./data/close/570.png 0
./data/close/389.png 0
./data/close/73.png 0
./data/close/446.png 0
./data/close/108.png 0
./data/close/415.png 0
./data/close/419.png 0
./data/close/261.png 0
./data/close/598.png 0
./data/close/581.png 0
./data/close/474.png 0
./data/close/102.png 0
./data/close/196.png 0
./data/close/174.png 0
./data/close/633.png 0
./data/close/440.png 0
./data/close/491.png 0
./data/close/127.png 0
./data/close/588.png 0
./data/close/241.png 0
./data/close/86.png 0
./data/close/167.png 0
./data/close/529.png 0
./data/close/672.png 0
./data/close/32.png 0
./data/close/168.png 0
./data/close/480.png 0
./data/close/664.png 0
./data/close/Snipaste_2020-12-16_08-26-00.png 0
./data/close/628.png 0
./data/close/138.png 0
./data/close/286.png 0
./data/close/356.png 0
./data/close/528.png 0
./data/close/711.png 0
./data/close/621.png 0
./data/close/285.png 0
./data/close/325.png 0
./data/close/161.png 0
./data/close/407.png 0
./data/close/571.png 0
./data/close/611.png 0
./data/close/649.png 0
./data/close/35.png 0
./data/close/384.png 0
./data/close/560.png 0
./data/close/526.png 0
./data/close/291.png 0
./data/close/276.png 0
./data/close/130.png 0
./data/close/60.png 0
./data/close/82.png 0
./data/close/332.png 0
./data/close/320.png 0
./data/close/182.png 0
./data/close/222.png 0
./data/close/99.png 0
./data/close/445.png 0
./data/close/360.png 0
./data/close/135.png 0
./data/close/43.png 0
./data/close/140.png 0
./data/close/48.png 0
./data/close/224.png 0
./data/close/305.png 0
./data/close/12.png 0
./data/close/578.png 0
./data/close/53.png 0
./data/close/297.png 0
./data/close/316.png 0
./data/close/585.png 0
./data/close/399.png 0
./data/close/55.png 0
./data/close/115.png 0
./data/close/719.png 0
./data/close/307.png 0
./data/close/41.png 0
./data/close/228.png 0
./data/close/252.png 0
./data/close/601.png 0
./data/close/515.png 0
./data/close/25.png 0
./data/close/250.png 0
./data/close/630.png 0
./data/close/639.png 0
./data/close/94.png 0
./data/close/471.png 0
./data/close/502.png 0
./data/close/400.png 0
./data/close/201.png 0
./data/close/271.png 0
./data/close/2.png 0
./data/close/364.png 0
./data/close/113.png 0
./data/close/605.png 0
./data/close/328.png 0
./data/close/342.png 0
./data/close/306.png 0
./data/close/293.png 0
./data/close/205.png 0
./data/close/424.png 0
./data/close/565.png 0
./data/close/333.png 0
./data/close/19.png 0
./data/close/Snipaste_2020-12-16_08-34-13.png 0
./data/close/106.png 0
./data/close/450.png 0
./data/close/655.png 0
./data/close/533.png 0
./data/close/236.png 0
./data/close/641.png 0
./data/close/492.png 0
./data/close/124.png 0
./data/close/322.png 0
./data/close/76.png 0
./data/close/20.png 0
./data/close/192.png 0
./data/close/695.png 0
./data/close/465.png 0
./data/close/343.png 0
./data/close/122.png 0
./data/close/330.png 0
./data/close/105.png 0
./data/close/339.png 0
./data/close/Snipaste_2020-12-16_08-20-59.png 0
./data/close/158.png 0
./data/close/131.png 0
./data/close/466.png 0
./data/close/166.png 0
./data/close/486.png 0
./data/close/383.png 0
./data/close/612.png 0
./data/close/702.png 0
./data/close/703.png 0
./data/close/133.png 0
./data/close/503.png 0
./data/close/258.png 0
./data/close/669.png 0
./data/close/329.png 0
./data/close/710.png 0
./data/close/247.png 0
./data/close/510.png 0
./data/close/708.png 0
./data/close/186.png 0
./data/close/272.png 0
./data/close/189.png 0
./data/close/125.png 0
./data/close/183.png 0
./data/close/507.png 0
./data/close/494.png 0
./data/close/93.png 0
./data/close/177.png 0
./data/close/416.png 0
./data/close/404.png 0
./data/close/255.png 0
./data/close/654.png 0
./data/close/188.png 0
./data/close/164.png 0
./data/close/335.png 0
./data/close/62.png 0
./data/close/203.png 0
./data/close/551.png 0
./data/close/193.png 0
./data/close/707.png 0
./data/close/185.png 0
./data/close/583.png 0
./data/close/121.png 0
./data/close/17.png 0
./data/close/110.png 0
./data/close/554.png 0
./data/close/476.png 0
./data/close/540.png 0
./data/close/197.png 0
./data/close/207.png 0
./data/close/29.png 0
./data/close/134.png 0
./data/close/147.png 0
./data/close/160.png 0
./data/close/548.png 0
./data/close/50.png 0
./data/close/69.png 0
./data/close/549.png 0
./data/close/47.png 0
./data/close/141.png 0
./data/close/361.png 0
./data/close/206.png 0
./data/close/594.png 0
./data/close/393.png 0
./data/close/438.png 0
./data/close/689.png 0
./data/close/435.png 0
./data/close/162.png 0
./data/close/331.png 0
./data/close/233.png 0
./data/close/4.png 0
./data/close/217.png 0
./data/close/70.png 0
./data/close/8.png 0
./data/close/Snipaste_2020-12-16_08-26-19.png 0
./data/close/280.png 0
./data/close/638.png 0
./data/close/722.png 0
./data/close/49.png 0
./data/close/126.png 0
./data/close/421.png 0
./data/close/394.png 0
./data/close/656.png 0
./data/close/575.png 0
./data/close/40.png 0
./data/close/172.png 0
./data/close/405.png 0
./data/close/95.png 0
./data/close/287.png 0
./data/close/586.png 0
./data/close/200.png 0
./data/close/673.png 0
./data/close/71.png 0
./data/close/684.png 0
./data/close/9.png 0
./data/close/481.png 0
./data/close/721.png 0
./data/close/618.png 0
./data/close/591.png 0
./data/close/720.png 0
./data/close/275.png 0
./data/close/644.png 0
./data/close/23.png 0
./data/close/456.png 0
./data/close/112.png 0
./data/close/620.png 0
./data/close/378.png 0
./data/close/718.png 0
./data/close/136.png 0
./data/close/457.png 0
./data/close/179.png 0
./data/close/336.png 0
./data/close/716.png 0
./data/close/Snipaste_2020-12-16_08-23-19.png 0
./data/close/159.png 0
./data/close/267.png 0
./data/close/274.png 0
./data/close/299.png 0
./data/close/346.png 0
./data/close/208.png 0
./data/close/79.png 0
./data/close/157.png 0
./data/close/683.png 0
./data/close/Snipaste_2020-12-16_08-21-33.png 0
./data/close/477.png 0
./data/close/355.png 0
./data/close/387.png 0
./data/close/212.png 0
./data/close/487.png 0
./data/close/410.png 0
./data/close/451.png 0
./data/close/337.png 0
./data/close/608.png 0
./data/close/289.png 0
./data/close/367.png 0
./data/close/Snipaste_2020-12-16_08-28-49.png 0
./data/close/36.png 0
./data/close/240.png 0
./data/close/1.png 0
./data/close/132.png 0
./data/close/213.png 0
./data/close/284.png 0
./data/close/68.png 0
./data/close/63.png 0
./data/close/270.png 0
./data/close/107.png 0
./data/close/104.png 0
./data/close/717.png 0
./data/close/231.png 0
./data/close/650.png 0
./data/close/671.png 0
./data/close/129.png 0
./data/close/239.png 0
./data/close/493.png 0
./data/close/688.png 0
./data/close/567.png 0
./data/close/145.png 0
./data/close/385.png 0
./data/close/411.png 0
./data/close/631.png 0
./data/close/372.png 0
./data/close/210.png 0
./data/close/522.png 0
./data/close/176.png 0
./data/close/326.png 0
./data/close/Snipaste_2020-12-16_08-26-47.png 0
./data/close/568.png 0
./data/close/668.png 0
./data/close/579.png 0
./data/close/525.png 0
./data/close/576.png 0
./data/close/374.png 0
./data/close/281.png 0
./data/close/661.png 0
./data/close/173.png 0
./data/close/375.png 0
./data/close/227.png 0
./data/close/647.png 0
./data/close/622.png 0
./data/close/536.png 0
./data/close/301.png 0
./data/close/42.png 0
./data/close/447.png 0
./data/close/659.png 0
./data/close/56.png 0
./data/close/175.png 0
./data/close/149.png 0
./data/close/230.png 0
./data/close/604.png 0
./data/close/603.png 0
./data/close/499.png 0
./data/close/475.png 0
./data/close/292.png 0
./data/close/11.png 0
./data/close/666.png 0
./data/close/637.png 0
./data/close/564.png 0
./data/close/508.png 0
./data/close/114.png 0
./data/close/243.png 0
./data/close/632.png 0
./data/close/319.png 0
./data/close/214.png 0
./data/close/363.png 0
./data/close/723.png 0
./data/close/700.png 0
./data/close/15.png 0
./data/close/264.png 0
./data/close/22.png 0
./data/close/74.png 0
./data/close/616.png 0
./data/close/397.png 0
./data/close/30.png 0
./data/close/509.png 0
./data/close/59.png 0
./data/close/557.png 0
./data/close/65.png 0
./data/close/327.png 0
./data/close/627.png 0
./data/close/143.png 0
./data/close/516.png 0
./data/close/599.png 0
./data/close/308.png 0
./data/close/352.png 0
./data/close/52.png 0
./data/close/298.png 0
./data/close/606.png 0
./data/close/572.png 0
./data/close/425.png 0
./data/close/439.png 0
./data/close/345.png 0
./data/close/615.png 0
./data/close/273.png 0
./data/close/302.png 0
./data/close/98.png 0
./data/close/117.png 0
./data/close/483.png 0
./data/close/596.png 0
./data/close/420.png 0
./data/close/31.png 0
./data/close/369.png 0
./data/close/724.png 0
./data/close/550.png 0
./data/close/530.png 0
./data/close/696.png 0
./data/close/80.png 0
./data/close/500.png 0
./data/close/552.png 0
./data/close/262.png 0
./data/close/559.png 0
./data/close/698.png 0
./data/close/523.png 0
./data/close/111.png 0
./data/close/380.png 0
./data/close/699.png 0
./data/close/268.png 0
./data/close/Snipaste_2020-12-16_08-26-13.png 0
./data/close/514.png 0
./data/close/563.png 0
./data/close/434.png 0
./data/close/290.png 0
./data/close/381.png 0
./data/close/625.png 0
./data/close/642.png 0
./data/close/359.png 0
./data/close/78.png 0
./data/close/Snipaste_2020-12-16_08-23-38.png 0
./data/close/402.png 0
./data/close/Snipaste_2020-12-16_08-26-42.png 0
./data/close/269.png 0
./data/close/441.png 0
./data/close/520.png 0
./data/close/209.png 0
./data/close/3.png 0
./data/close/226.png 0
./data/close/265.png 0
./data/close/163.png 0
./data/close/473.png 0
./data/close/Snipaste_2020-12-16_08-23-29.png 0
./data/close/204.png 0
./data/close/459.png 0
./data/close/386.png 0
./data/close/705.png 0
./data/close/609.png 0
./data/close/709.png 0
./data/close/701.png 0
./data/close/85.png 0
./data/close/511.png 0
./data/close/662.png 0
./data/close/195.png 0
./data/close/39.png 0
./data/close/198.png 0
./data/close/539.png 0
./data/close/294.png 0
./data/close/6.png 0
./data/close/Snipaste_2020-12-16_08-19-15.png 0
./data/close/538.png 0
./data/close/390.png 0
./data/close/524.png 0
./data/close/28.png 0
./data/close/680.png 0
./data/close/318.png 0
./data/close/103.png 0
./data/close/432.png 0
./data/close/Snipaste_2020-12-16_08-37-06.png 0
./data/close/488.png 0
./data/close/223.png 0
./data/close/370.png 0
./data/close/254.png 0
./data/close/437.png 0
./data/close/10.png 0
./data/close/171.png 0
./data/close/202.png 0
./data/close/14.png 0
./data/close/464.png 0
./data/close/338.png 0
./data/close/448.png 0
./data/close/569.png 0
./data/close/Snipaste_2020-12-16_08-22-38.png 0
./data/close/398.png 0
./data/close/180.png 0
./data/close/5.png 0
./data/close/26.png 0
./data/close/353.png 0
./data/close/657.png 0
./data/close/675.png 0
./data/close/484.png 0
./data/close/Snipaste_2020-12-16_08-33-43.png 0
./data/close/442.png 0
./data/close/75.png 0
./data/close/670.png 0
./data/close/310.png 0
./data/close/648.png 0
./data/close/61.png 0
./data/close/91.png 0
./data/close/366.png 0
./data/close/687.png 0
./data/close/154.png 0
./data/close/704.png 0
./data/close/194.png 0
./data/close/87.png 0
./data/close/18.png 0
./data/close/403.png 0
./data/close/676.png 0
./data/close/422.png 0
./data/close/587.png 0
./data/close/216.png 0
./data/close/220.png 0
./data/close/347.png 0
./data/close/406.png 0
./data/close/624.png 0
./data/close/324.png 0
./data/close/558.png 0
./data/close/414.png 0
./data/close/295.png 0
./data/close/165.png 0
./data/close/146.png 0
./data/close/643.png 0
./data/close/452.png 0
./data/close/623.png 0
./data/close/678.png 0
./data/close/712.png 0
./data/close/211.png 0
./data/close/418.png 0
./data/close/144.png 0
./data/close/617.png 0
./data/close/693.png 0
./data/close/388.png 0
./data/close/362.png 0
./data/close/303.png 0
./data/close/Snipaste_2020-12-16_08-33-35.png 0
./data/close/431.png 0
./data/close/535.png 0
./data/close/57.png 0
./data/close/34.png 0
./data/close/Snipaste_2020-12-16_08-20-49.png 0
./data/close/651.png 0
./data/close/619.png 0
./data/close/33.png 0
./data/close/667.png 0
./data/close/66.png 0
./data/close/427.png 0
./data/close/433.png 0
./data/close/178.png 0
./data/close/Snipaste_2020-12-16_08-21-25.png 0
./data/close/315.png 0
./data/close/527.png 0
./data/close/690.png 0
./data/close/607.png 0
./data/close/504.png 0
./data/close/521.png 0
./data/close/373.png 0
./data/close/137.png 0
./data/close/543.png 0
./data/close/489.png 0
./data/close/323.png 0
./data/close/142.png 0
./data/close/116.png 0
./data/close/246.png 0
./data/close/396.png 0
./data/close/658.png 0
./data/close/312.png 0
./data/close/443.png 0
./data/close/Snipaste_2020-12-16_08-36-47.png 0
./data/close/460.png 0
./data/close/555.png 0
./data/close/590.png 0
./data/close/27.png 0
./data/close/663.png 0
./data/close/423.png 0
./data/close/679.png 0
./data/close/300.png 0
./data/close/16.png 0
./data/close/358.png 0
./data/close/577.png 0
./data/close/219.png 0
./data/close/426.png 0
./data/close/635.png 0
./data/close/467.png 0
./data/close/341.png 0
./data/close/692.png 0
./data/close/595.png 0
./data/close/392.png 0
./data/close/278.png 0
./data/close/Snipaste_2020-12-16_08-26-24.png 0
./data/close/96.png 0
./data/close/249.png 0
./data/close/629.png 0
./data/close/357.png 0
./data/close/109.png 0
./data/close/531.png 0
./data/close/282.png 0
./data/close/Snipaste_2020-12-16_08-29-16.png 0
./data/close/478.png 0
./data/close/304.png 0
./data/close/123.png 0
./data/close/715.png 0
./data/close/Snipaste_2020-12-16_08-23-11.png 0
./data/close/532.png 0
./data/close/215.png 0
./data/close/340.png 0
./data/close/545.png 0
./data/close/153.png 0
./data/close/496.png 0
./data/close/462.png 0
./data/close/13.png 0
./data/close/645.png 0
./data/close/221.png 0
./data/close/7.png 0
./data/close/691.png 0
./data/close/251.png 0
./data/close/349.png 0
./data/close/313.png 0
./data/close/470.png 0
./data/close/235.png 0
./data/close/497.png 0
./data/close/566.png 0
./data/close/Snipaste_2020-12-16_08-29-01.png 0
./data/close/454.png 0
./data/close/152.png 0
./data/close/469.png 0
./data/close/582.png 0
./data/close/562.png 0
./data/close/277.png 0
./data/close/Snipaste_2020-12-16_08-26-29.png 0
./data/close/Snipaste_2020-12-16_08-27-15.png 0
./data/close/37.png 0
./data/close/21.png 0
./data/close/97.png 0
./data/close/350.png 0
./data/close/463.png 0
./data/close/453.png 0
./data/close/592.png 0
./data/close/89.png 0
./data/close/139.png 0
./data/close/283.png 0
./data/close/Snipaste_2020-12-16_08-21-04.png 0
./data/close/512.png 0
./data/close/44.png 0
./data/close/382.png 0
./data/close/311.png 0
./data/close/Snipaste_2020-12-16_08-36-58.png 0
./data/close/90.png 0
./data/close/714.png 0
./data/close/449.png 0
./data/close/430.png 0
./data/close/653.png 0
./data/close/118.png 0
./data/close/665.png 0
./data/close/368.png 0
./data/close/495.png 0
./data/close/409.png 0
./data/close/561.png 0
./data/close/257.png 0
./data/close/553.png 0
./data/close/613.png 0
./data/close/288.png 0
./data/close/156.png 0
./data/close/263.png 0
./data/close/259.png 0
./data/close/518.png 0
./data/close/412.png 0
./data/close/593.png 0
./data/close/225.png 0
./data/close/45.png 0
./data/close/408.png 0
./data/close/401.png 0
./data/close/547.png 0
./data/close/279.png 0
./data/close/67.png 0
./data/close/614.png 0
./data/close/181.png 0
./data/close/334.png 0
./data/close/46.png 0
./data/close/713.png 0
./data/close/190.png 0
./data/close/Snipaste_2020-12-16_08-37-19.png 0
./data/close/377.png 0
./data/close/694.png 0
./data/close/513.png 0
./data/close/479.png 0
./data/close/120.png 0
./data/close/534.png 0
./data/close/260.png 0
./data/close/677.png 0
./data/close/266.png 0
./data/close/600.png 0
./data/close/652.png 0
./data/close/244.png 0
./data/close/681.png 0
./data/close/51.png 0
./data/close/191.png 0
./data/close/Snipaste_2020-12-16_08-34-21.png 0
./data/close/150.png 0
./data/close/148.png 0
./data/close/428.png 0
./data/close/Snipaste_2020-12-16_08-26-34.png 0
./data/close/24.png 0
./data/close/602.png 0
./data/close/100.png 0
./data/close/92.png 0
./data/close/348.png 0
./data/close/101.png 0
./data/close/379.png 0
./data/close/490.png 0
./data/close/686.png 0
./data/close/458.png 0
./data/close/461.png 0
./data/close/574.png 0
./data/close/482.png 0
./data/close/589.png 0
./data/close/256.png 0
./data/close/344.png 0
./data/close/498.png 0
./data/close/187.png 0
./data/close/546.png 0
./data/close/81.png 0
./data/close/238.png 0
./data/close/505.png 0
./data/close/436.png 0
./data/close/517.png 0
./data/close/199.png 0
./data/close/706.png 0
./data/close/610.png 0
./data/close/417.png 0
./data/close/485.png 0
./data/close/169.png 0
./data/close/253.png 0
./data/close/83.png 0
./data/close/544.png 0
./data/close/234.png 0
./data/close/309.png 0
./data/close/537.png 0
./data/close/371.png 0
./data/close/626.png 0
./data/close/321.png 0
./data/close/597.png 0
./data/close/354.png 0
./data/close/468.png 0
./data/close/376.png 0
./data/close/634.png 0
./data/close/170.png 0
./data/close/Snipaste_2020-12-16_08-27-23.png 0
./data/close/248.png 0
./data/close/229.png 0
./data/close/519.png 0
./data/close/151.png 0
./data/close/674.png 0
./data/close/573.png 0
./data/close/391.png 0
./data/close/556.png 0
./data/close/58.png 0
./data/close/Snipaste_2020-12-16_08-37-13.png 0
./data/close/636.png 0
./data/close/365.png 0
./data/close/682.png 0
./data/close/444.png 0
./data/close/38.png 0
./data/close/77.png 0
./data/close/317.png 0
./data/close/584.png 0
./data/close/413.png 0
./data/close/455.png 0
./data/close/54.png 0
./data/close/685.png 0
./data/close/542.png 0
./data/close/128.png 0
./data/close/697.png 0
./data/close/245.png 0
./data/close/88.png 0
./data/close/Snipaste_2020-12-16_08-19-27.png 0
./data/close/155.png 0
./data/close/501.png 0
./data/close/646.png 0
./data/close/660.png 0
./data/close/72.png 0
./data/close/580.png 0
./data/close/395.png 0
./data/close/242.png 0
./data/close/184.png 0
./data/close/64.png 0
./data/close/218.png 0
./data/close/429.png 0
